

================================================================
== Vivado HLS Report for 'dense_large_1'
================================================================
* Date:           Tue Dec 15 20:11:27 2020

* Version:        2020.1.1 (Build 2951007 on Wed Aug 05 23:24:06 MDT 2020)
* Project:        myproject_prj
* Solution:       solution1
* Product family: virtexuplus
* Target device:  xcu250-figd2104-2L-e


================================================================
== Performance Estimates
================================================================
+ Timing: 
    * Summary: 
    +--------+---------+----------+------------+
    |  Clock |  Target | Estimated| Uncertainty|
    +--------+---------+----------+------------+
    |ap_clk  | 5.00 ns | 3.410 ns |   0.62 ns  |
    +--------+---------+----------+------------+

+ Latency: 
    * Summary: 
    +---------+---------+----------+----------+-----+-----+---------------------------------------------+
    |  Latency (cycles) |  Latency (absolute) |  Interval |                   Pipeline                  |
    |   min   |   max   |    min   |    max   | min | max |                     Type                    |
    +---------+---------+----------+----------+-----+-----+---------------------------------------------+
    |      501|      502| 2.505 us | 2.510 us |  500|  500| loop rewind(delay=0 initiation interval(s)) |
    +---------+---------+----------+----------+-----+-----+---------------------------------------------+

    + Detail: 
        * Instance: 
        +-------------------------+-----------+---------+---------+----------+----------+-----+-----+----------+
        |                         |           |  Latency (cycles) |  Latency (absolute) |  Interval | Pipeline |
        |         Instance        |   Module  |   min   |   max   |    min   |    max   | min | max |   Type   |
        +-------------------------+-----------+---------+---------+----------+----------+-----+-----+----------+
        |p_0_product_1_fu_3896    |product_1  |        0|        0|   0 ns   |   0 ns   |    1|    1| function |
        |p_0_1_product_1_fu_3902  |product_1  |        0|        0|   0 ns   |   0 ns   |    1|    1| function |
        +-------------------------+-----------+---------+---------+----------+----------+-----+-----+----------+

        * Loop: 
        +-------------+---------+---------+----------+-----------+-----------+------+----------+
        |             |  Latency (cycles) | Iteration|  Initiation Interval  | Trip |          |
        |  Loop Name  |   min   |   max   |  Latency |  achieved |   target  | Count| Pipelined|
        +-------------+---------+---------+----------+-----------+-----------+------+----------+
        |- ReuseLoop  |      501|      501|         3|          1|          1|   500|    yes   |
        +-------------+---------+---------+----------+-----------+-----------+------+----------+



================================================================
== Utilization Estimates
================================================================
* Summary: 
+---------------------+---------+-------+---------+---------+------+
|         Name        | BRAM_18K| DSP48E|    FF   |   LUT   | URAM |
+---------------------+---------+-------+---------+---------+------+
|DSP                  |        -|      -|        -|        -|     -|
|Expression           |        -|      -|        0|      168|     -|
|FIFO                 |        -|      -|        -|        -|     -|
|Instance             |        -|      0|        0|      306|     -|
|Memory               |        2|      -|        0|        0|     -|
|Multiplexer          |        -|      -|        -|     4035|     -|
|Register             |        -|      -|     2153|        -|     -|
+---------------------+---------+-------+---------+---------+------+
|Total                |        2|      0|     2153|     4509|     0|
+---------------------+---------+-------+---------+---------+------+
|Available SLR        |     1344|   3072|   864000|   432000|   320|
+---------------------+---------+-------+---------+---------+------+
|Utilization SLR (%)  |    ~0   |      0|    ~0   |        1|     0|
+---------------------+---------+-------+---------+---------+------+
|Available            |     5376|  12288|  3456000|  1728000|  1280|
+---------------------+---------+-------+---------+---------+------+
|Utilization (%)      |    ~0   |      0|    ~0   |    ~0   |     0|
+---------------------+---------+-------+---------+---------+------+

+ Detail: 
    * Instance: 
    +---------------------------+----------------------+---------+-------+---+----+-----+
    |          Instance         |        Module        | BRAM_18K| DSP48E| FF| LUT| URAM|
    +---------------------------+----------------------+---------+-------+---+----+-----+
    |myproject_mux_100eOg_U126  |myproject_mux_100eOg  |        0|      0|  0|  65|    0|
    |myproject_mux_100eOg_U127  |myproject_mux_100eOg  |        0|      0|  0|  65|    0|
    |myproject_mux_164bkb_U129  |myproject_mux_164bkb  |        0|      0|  0|  65|    0|
    |myproject_mux_83_fYi_U128  |myproject_mux_83_fYi  |        0|      0|  0|  65|    0|
    |p_0_product_1_fu_3896      |product_1             |        0|      0|  0|  23|    0|
    |p_0_1_product_1_fu_3902    |product_1             |        0|      0|  0|  23|    0|
    +---------------------------+----------------------+---------+-------+---+----+-----+
    |Total                      |                      |        0|      0|  0| 306|    0|
    +---------------------------+----------------------+---------+-------+---+----+-----+

    * DSP48E: 
    N/A

    * Memory: 
    +----------+----------------------+---------+---+----+-----+------+-----+------+-------------+
    |  Memory  |        Module        | BRAM_18K| FF| LUT| URAM| Words| Bits| Banks| W*Bits*Banks|
    +----------+----------------------+---------+---+----+-----+------+-----+------+-------------+
    |outidx_U  |dense_large_1_outdEe  |        1|  0|   0|    0|   500|    3|     1|         1500|
    |w5_V_U    |dense_large_1_w5_V    |        1|  0|   0|    0|   500|   12|     1|         6000|
    +----------+----------------------+---------+---+----+-----+------+-----+------+-------------+
    |Total     |                      |        2|  0|   0|    0|  1000|   15|     2|         7500|
    +----------+----------------------+---------+---+----+-----+------+-----+------+-------------+

    * FIFO: 
    N/A

    * Expression: 
    +-------------------------+----------+-------+---+----+------------+------------+
    |      Variable Name      | Operation| DSP48E| FF| LUT| Bitwidth P0| Bitwidth P1|
    +-------------------------+----------+-------+---+----+------------+------------+
    |acc_0_V_fu_4407_p2       |     +    |      0|  0|  19|          12|          12|
    |acc_5_V_fu_4459_p2       |     +    |      0|  0|  19|          12|          12|
    |in_index_fu_4360_p2      |     +    |      0|  0|  39|          32|           1|
    |w_index_fu_3914_p2       |     +    |      0|  0|  16|           1|           9|
    |ap_condition_43          |    and   |      0|  0|   2|           1|           1|
    |ap_condition_840         |    and   |      0|  0|   2|           1|           1|
    |ap_condition_865         |    and   |      0|  0|   2|           1|           1|
    |icmp_ln151_fu_3920_p2    |   icmp   |      0|  0|  13|           9|           5|
    |icmp_ln168_fu_4366_p2    |   icmp   |      0|  0|  20|          32|           7|
    |ap_block_state1          |    or    |      0|  0|   2|           1|           1|
    |select_ln168_fu_4372_p3  |  select  |      0|  0|  32|           1|           1|
    |ap_enable_pp0            |    xor   |      0|  0|   2|           1|           2|
    +-------------------------+----------+-------+---+----+------------+------------+
    |Total                    |          |      0|  0| 168|         104|          53|
    +-------------------------+----------+-------+---+----+------------+------------+

    * Multiplexer: 
    +---------------------------------------------------+----+-----------+-----+-----------+
    |                        Name                       | LUT| Input Size| Bits| Total Bits|
    +---------------------------------------------------+----+-----------+-----+-----------+
    |ap_NS_fsm                                          |  15|          3|    1|          3|
    |ap_done                                            |   9|          2|    1|          2|
    |ap_enable_reg_pp0_iter1                            |   9|          2|    1|          2|
    |ap_enable_reg_pp0_iter2                            |   9|          2|    1|          2|
    |ap_phi_mux_acc_V_0_1_phi_fu_3774_p10               |  15|          3|   12|         36|
    |ap_phi_mux_acc_V_1_1_phi_fu_3753_p10               |  15|          3|   12|         36|
    |ap_phi_mux_acc_V_2_1_phi_fu_3732_p10               |  15|          3|   12|         36|
    |ap_phi_mux_acc_V_3_1_phi_fu_3711_p10               |  15|          3|   12|         36|
    |ap_phi_mux_acc_V_4_1_phi_fu_3690_p10               |  15|          3|   12|         36|
    |ap_phi_mux_acc_V_5_1_phi_fu_3879_p10               |  15|          3|   12|         36|
    |ap_phi_mux_acc_V_6_1_phi_fu_3858_p10               |  15|          3|   12|         36|
    |ap_phi_mux_acc_V_7_1_phi_fu_3837_p10               |  15|          3|   12|         36|
    |ap_phi_mux_acc_V_8_1_phi_fu_3816_p10               |  15|          3|   12|         36|
    |ap_phi_mux_acc_V_9_1_phi_fu_3795_p10               |  15|          3|   12|         36|
    |ap_phi_mux_data_0_V_read23_phi_phi_fu_2350_p4      |   9|          2|    6|         12|
    |ap_phi_mux_data_0_V_read23_rew_phi_fu_936_p6       |   9|          2|    6|         12|
    |ap_phi_mux_data_10_V_read33_ph_phi_fu_2470_p4      |   9|          2|    6|         12|
    |ap_phi_mux_data_10_V_read33_re_phi_fu_1076_p6      |   9|          2|    6|         12|
    |ap_phi_mux_data_11_V_read34_ph_phi_fu_2482_p4      |   9|          2|    6|         12|
    |ap_phi_mux_data_11_V_read34_re_phi_fu_1090_p6      |   9|          2|    6|         12|
    |ap_phi_mux_data_12_V_read35_ph_phi_fu_2494_p4      |   9|          2|    6|         12|
    |ap_phi_mux_data_12_V_read35_re_phi_fu_1104_p6      |   9|          2|    6|         12|
    |ap_phi_mux_data_13_V_read36_ph_phi_fu_2506_p4      |   9|          2|    6|         12|
    |ap_phi_mux_data_13_V_read36_re_phi_fu_1118_p6      |   9|          2|    6|         12|
    |ap_phi_mux_data_14_V_read37_ph_phi_fu_2518_p4      |   9|          2|    6|         12|
    |ap_phi_mux_data_14_V_read37_re_phi_fu_1132_p6      |   9|          2|    6|         12|
    |ap_phi_mux_data_15_V_read38_ph_phi_fu_2530_p4      |   9|          2|    6|         12|
    |ap_phi_mux_data_15_V_read38_re_phi_fu_1146_p6      |   9|          2|    6|         12|
    |ap_phi_mux_data_16_V_read39_ph_phi_fu_2542_p4      |   9|          2|    6|         12|
    |ap_phi_mux_data_16_V_read39_re_phi_fu_1160_p6      |   9|          2|    6|         12|
    |ap_phi_mux_data_17_V_read40_ph_phi_fu_2554_p4      |   9|          2|    6|         12|
    |ap_phi_mux_data_17_V_read40_re_phi_fu_1174_p6      |   9|          2|    6|         12|
    |ap_phi_mux_data_18_V_read41_ph_phi_fu_2566_p4      |   9|          2|    6|         12|
    |ap_phi_mux_data_18_V_read41_re_phi_fu_1188_p6      |   9|          2|    6|         12|
    |ap_phi_mux_data_19_V_read42_ph_phi_fu_2578_p4      |   9|          2|    6|         12|
    |ap_phi_mux_data_19_V_read42_re_phi_fu_1202_p6      |   9|          2|    6|         12|
    |ap_phi_mux_data_1_V_read24_phi_phi_fu_2362_p4      |   9|          2|    6|         12|
    |ap_phi_mux_data_1_V_read24_rew_phi_fu_950_p6       |   9|          2|    6|         12|
    |ap_phi_mux_data_20_V_read43_ph_phi_fu_2590_p4      |   9|          2|    6|         12|
    |ap_phi_mux_data_20_V_read43_re_phi_fu_1216_p6      |   9|          2|    6|         12|
    |ap_phi_mux_data_21_V_read44_ph_phi_fu_2602_p4      |   9|          2|    6|         12|
    |ap_phi_mux_data_21_V_read44_re_phi_fu_1230_p6      |   9|          2|    6|         12|
    |ap_phi_mux_data_22_V_read45_ph_phi_fu_2614_p4      |   9|          2|    6|         12|
    |ap_phi_mux_data_22_V_read45_re_phi_fu_1244_p6      |   9|          2|    6|         12|
    |ap_phi_mux_data_23_V_read46_ph_phi_fu_2626_p4      |   9|          2|    6|         12|
    |ap_phi_mux_data_23_V_read46_re_phi_fu_1258_p6      |   9|          2|    6|         12|
    |ap_phi_mux_data_24_V_read47_ph_phi_fu_2638_p4      |   9|          2|    6|         12|
    |ap_phi_mux_data_24_V_read47_re_phi_fu_1272_p6      |   9|          2|    6|         12|
    |ap_phi_mux_data_25_V_read48_ph_phi_fu_2650_p4      |   9|          2|    6|         12|
    |ap_phi_mux_data_25_V_read48_re_phi_fu_1286_p6      |   9|          2|    6|         12|
    |ap_phi_mux_data_26_V_read49_ph_phi_fu_2662_p4      |   9|          2|    6|         12|
    |ap_phi_mux_data_26_V_read49_re_phi_fu_1300_p6      |   9|          2|    6|         12|
    |ap_phi_mux_data_27_V_read50_ph_phi_fu_2674_p4      |   9|          2|    6|         12|
    |ap_phi_mux_data_27_V_read50_re_phi_fu_1314_p6      |   9|          2|    6|         12|
    |ap_phi_mux_data_28_V_read51_ph_phi_fu_2686_p4      |   9|          2|    6|         12|
    |ap_phi_mux_data_28_V_read51_re_phi_fu_1328_p6      |   9|          2|    6|         12|
    |ap_phi_mux_data_29_V_read52_ph_phi_fu_2698_p4      |   9|          2|    6|         12|
    |ap_phi_mux_data_29_V_read52_re_phi_fu_1342_p6      |   9|          2|    6|         12|
    |ap_phi_mux_data_2_V_read25_phi_phi_fu_2374_p4      |   9|          2|    6|         12|
    |ap_phi_mux_data_2_V_read25_rew_phi_fu_964_p6       |   9|          2|    6|         12|
    |ap_phi_mux_data_30_V_read53_ph_phi_fu_2710_p4      |   9|          2|    6|         12|
    |ap_phi_mux_data_30_V_read53_re_phi_fu_1356_p6      |   9|          2|    6|         12|
    |ap_phi_mux_data_31_V_read54_ph_phi_fu_2722_p4      |   9|          2|    6|         12|
    |ap_phi_mux_data_31_V_read54_re_phi_fu_1370_p6      |   9|          2|    6|         12|
    |ap_phi_mux_data_32_V_read55_ph_phi_fu_2734_p4      |   9|          2|    6|         12|
    |ap_phi_mux_data_32_V_read55_re_phi_fu_1384_p6      |   9|          2|    6|         12|
    |ap_phi_mux_data_33_V_read56_ph_phi_fu_2746_p4      |   9|          2|    6|         12|
    |ap_phi_mux_data_33_V_read56_re_phi_fu_1398_p6      |   9|          2|    6|         12|
    |ap_phi_mux_data_34_V_read57_ph_phi_fu_2758_p4      |   9|          2|    6|         12|
    |ap_phi_mux_data_34_V_read57_re_phi_fu_1412_p6      |   9|          2|    6|         12|
    |ap_phi_mux_data_35_V_read58_ph_phi_fu_2770_p4      |   9|          2|    6|         12|
    |ap_phi_mux_data_35_V_read58_re_phi_fu_1426_p6      |   9|          2|    6|         12|
    |ap_phi_mux_data_36_V_read59_ph_phi_fu_2782_p4      |   9|          2|    6|         12|
    |ap_phi_mux_data_36_V_read59_re_phi_fu_1440_p6      |   9|          2|    6|         12|
    |ap_phi_mux_data_37_V_read60_ph_phi_fu_2794_p4      |   9|          2|    6|         12|
    |ap_phi_mux_data_37_V_read60_re_phi_fu_1454_p6      |   9|          2|    6|         12|
    |ap_phi_mux_data_38_V_read61_ph_phi_fu_2806_p4      |   9|          2|    6|         12|
    |ap_phi_mux_data_38_V_read61_re_phi_fu_1468_p6      |   9|          2|    6|         12|
    |ap_phi_mux_data_39_V_read62_ph_phi_fu_2818_p4      |   9|          2|    6|         12|
    |ap_phi_mux_data_39_V_read62_re_phi_fu_1482_p6      |   9|          2|    6|         12|
    |ap_phi_mux_data_3_V_read26_phi_phi_fu_2386_p4      |   9|          2|    6|         12|
    |ap_phi_mux_data_3_V_read26_rew_phi_fu_978_p6       |   9|          2|    6|         12|
    |ap_phi_mux_data_40_V_read63_ph_phi_fu_2830_p4      |   9|          2|    6|         12|
    |ap_phi_mux_data_40_V_read63_re_phi_fu_1496_p6      |   9|          2|    6|         12|
    |ap_phi_mux_data_41_V_read64_ph_phi_fu_2842_p4      |   9|          2|    6|         12|
    |ap_phi_mux_data_41_V_read64_re_phi_fu_1510_p6      |   9|          2|    6|         12|
    |ap_phi_mux_data_42_V_read65_ph_phi_fu_2854_p4      |   9|          2|    6|         12|
    |ap_phi_mux_data_42_V_read65_re_phi_fu_1524_p6      |   9|          2|    6|         12|
    |ap_phi_mux_data_43_V_read66_ph_phi_fu_2866_p4      |   9|          2|    6|         12|
    |ap_phi_mux_data_43_V_read66_re_phi_fu_1538_p6      |   9|          2|    6|         12|
    |ap_phi_mux_data_44_V_read67_ph_phi_fu_2878_p4      |   9|          2|    6|         12|
    |ap_phi_mux_data_44_V_read67_re_phi_fu_1552_p6      |   9|          2|    6|         12|
    |ap_phi_mux_data_45_V_read68_ph_phi_fu_2890_p4      |   9|          2|    6|         12|
    |ap_phi_mux_data_45_V_read68_re_phi_fu_1566_p6      |   9|          2|    6|         12|
    |ap_phi_mux_data_46_V_read69_ph_phi_fu_2902_p4      |   9|          2|    6|         12|
    |ap_phi_mux_data_46_V_read69_re_phi_fu_1580_p6      |   9|          2|    6|         12|
    |ap_phi_mux_data_47_V_read70_ph_phi_fu_2914_p4      |   9|          2|    6|         12|
    |ap_phi_mux_data_47_V_read70_re_phi_fu_1594_p6      |   9|          2|    6|         12|
    |ap_phi_mux_data_48_V_read71_ph_phi_fu_2926_p4      |   9|          2|    6|         12|
    |ap_phi_mux_data_48_V_read71_re_phi_fu_1608_p6      |   9|          2|    6|         12|
    |ap_phi_mux_data_49_V_read72_ph_phi_fu_2938_p4      |   9|          2|    6|         12|
    |ap_phi_mux_data_49_V_read72_re_phi_fu_1622_p6      |   9|          2|    6|         12|
    |ap_phi_mux_data_4_V_read27_phi_phi_fu_2398_p4      |   9|          2|    6|         12|
    |ap_phi_mux_data_4_V_read27_rew_phi_fu_992_p6       |   9|          2|    6|         12|
    |ap_phi_mux_data_50_V_read73_ph_phi_fu_2950_p4      |   9|          2|    6|         12|
    |ap_phi_mux_data_50_V_read73_re_phi_fu_1636_p6      |   9|          2|    6|         12|
    |ap_phi_mux_data_51_V_read74_ph_phi_fu_2962_p4      |   9|          2|    6|         12|
    |ap_phi_mux_data_51_V_read74_re_phi_fu_1650_p6      |   9|          2|    6|         12|
    |ap_phi_mux_data_52_V_read75_ph_phi_fu_2974_p4      |   9|          2|    6|         12|
    |ap_phi_mux_data_52_V_read75_re_phi_fu_1664_p6      |   9|          2|    6|         12|
    |ap_phi_mux_data_53_V_read76_ph_phi_fu_2986_p4      |   9|          2|    6|         12|
    |ap_phi_mux_data_53_V_read76_re_phi_fu_1678_p6      |   9|          2|    6|         12|
    |ap_phi_mux_data_54_V_read77_ph_phi_fu_2998_p4      |   9|          2|    6|         12|
    |ap_phi_mux_data_54_V_read77_re_phi_fu_1692_p6      |   9|          2|    6|         12|
    |ap_phi_mux_data_55_V_read78_ph_phi_fu_3010_p4      |   9|          2|    6|         12|
    |ap_phi_mux_data_55_V_read78_re_phi_fu_1706_p6      |   9|          2|    6|         12|
    |ap_phi_mux_data_56_V_read79_ph_phi_fu_3022_p4      |   9|          2|    6|         12|
    |ap_phi_mux_data_56_V_read79_re_phi_fu_1720_p6      |   9|          2|    6|         12|
    |ap_phi_mux_data_57_V_read80_ph_phi_fu_3034_p4      |   9|          2|    6|         12|
    |ap_phi_mux_data_57_V_read80_re_phi_fu_1734_p6      |   9|          2|    6|         12|
    |ap_phi_mux_data_58_V_read81_ph_phi_fu_3046_p4      |   9|          2|    6|         12|
    |ap_phi_mux_data_58_V_read81_re_phi_fu_1748_p6      |   9|          2|    6|         12|
    |ap_phi_mux_data_59_V_read82_ph_phi_fu_3058_p4      |   9|          2|    6|         12|
    |ap_phi_mux_data_59_V_read82_re_phi_fu_1762_p6      |   9|          2|    6|         12|
    |ap_phi_mux_data_5_V_read28_phi_phi_fu_2410_p4      |   9|          2|    6|         12|
    |ap_phi_mux_data_5_V_read28_rew_phi_fu_1006_p6      |   9|          2|    6|         12|
    |ap_phi_mux_data_60_V_read83_ph_phi_fu_3070_p4      |   9|          2|    6|         12|
    |ap_phi_mux_data_60_V_read83_re_phi_fu_1776_p6      |   9|          2|    6|         12|
    |ap_phi_mux_data_61_V_read84_ph_phi_fu_3082_p4      |   9|          2|    6|         12|
    |ap_phi_mux_data_61_V_read84_re_phi_fu_1790_p6      |   9|          2|    6|         12|
    |ap_phi_mux_data_62_V_read85_ph_phi_fu_3094_p4      |   9|          2|    6|         12|
    |ap_phi_mux_data_62_V_read85_re_phi_fu_1804_p6      |   9|          2|    6|         12|
    |ap_phi_mux_data_63_V_read86_ph_phi_fu_3106_p4      |   9|          2|    6|         12|
    |ap_phi_mux_data_63_V_read86_re_phi_fu_1818_p6      |   9|          2|    6|         12|
    |ap_phi_mux_data_64_V_read87_ph_phi_fu_3118_p4      |   9|          2|    6|         12|
    |ap_phi_mux_data_64_V_read87_re_phi_fu_1832_p6      |   9|          2|    6|         12|
    |ap_phi_mux_data_65_V_read88_ph_phi_fu_3130_p4      |   9|          2|    6|         12|
    |ap_phi_mux_data_65_V_read88_re_phi_fu_1846_p6      |   9|          2|    6|         12|
    |ap_phi_mux_data_66_V_read89_ph_phi_fu_3142_p4      |   9|          2|    6|         12|
    |ap_phi_mux_data_66_V_read89_re_phi_fu_1860_p6      |   9|          2|    6|         12|
    |ap_phi_mux_data_67_V_read90_ph_phi_fu_3154_p4      |   9|          2|    6|         12|
    |ap_phi_mux_data_67_V_read90_re_phi_fu_1874_p6      |   9|          2|    6|         12|
    |ap_phi_mux_data_68_V_read91_ph_phi_fu_3166_p4      |   9|          2|    6|         12|
    |ap_phi_mux_data_68_V_read91_re_phi_fu_1888_p6      |   9|          2|    6|         12|
    |ap_phi_mux_data_69_V_read92_ph_phi_fu_3178_p4      |   9|          2|    6|         12|
    |ap_phi_mux_data_69_V_read92_re_phi_fu_1902_p6      |   9|          2|    6|         12|
    |ap_phi_mux_data_6_V_read29_phi_phi_fu_2422_p4      |   9|          2|    6|         12|
    |ap_phi_mux_data_6_V_read29_rew_phi_fu_1020_p6      |   9|          2|    6|         12|
    |ap_phi_mux_data_70_V_read93_ph_phi_fu_3190_p4      |   9|          2|    6|         12|
    |ap_phi_mux_data_70_V_read93_re_phi_fu_1916_p6      |   9|          2|    6|         12|
    |ap_phi_mux_data_71_V_read94_ph_phi_fu_3202_p4      |   9|          2|    6|         12|
    |ap_phi_mux_data_71_V_read94_re_phi_fu_1930_p6      |   9|          2|    6|         12|
    |ap_phi_mux_data_72_V_read95_ph_phi_fu_3214_p4      |   9|          2|    6|         12|
    |ap_phi_mux_data_72_V_read95_re_phi_fu_1944_p6      |   9|          2|    6|         12|
    |ap_phi_mux_data_73_V_read96_ph_phi_fu_3226_p4      |   9|          2|    6|         12|
    |ap_phi_mux_data_73_V_read96_re_phi_fu_1958_p6      |   9|          2|    6|         12|
    |ap_phi_mux_data_74_V_read97_ph_phi_fu_3238_p4      |   9|          2|    6|         12|
    |ap_phi_mux_data_74_V_read97_re_phi_fu_1972_p6      |   9|          2|    6|         12|
    |ap_phi_mux_data_75_V_read98_ph_phi_fu_3250_p4      |   9|          2|    6|         12|
    |ap_phi_mux_data_75_V_read98_re_phi_fu_1986_p6      |   9|          2|    6|         12|
    |ap_phi_mux_data_76_V_read99_ph_phi_fu_3262_p4      |   9|          2|    6|         12|
    |ap_phi_mux_data_76_V_read99_re_phi_fu_2000_p6      |   9|          2|    6|         12|
    |ap_phi_mux_data_77_V_read100_p_phi_fu_3274_p4      |   9|          2|    6|         12|
    |ap_phi_mux_data_77_V_read100_r_phi_fu_2014_p6      |   9|          2|    6|         12|
    |ap_phi_mux_data_78_V_read101_p_phi_fu_3286_p4      |   9|          2|    6|         12|
    |ap_phi_mux_data_78_V_read101_r_phi_fu_2028_p6      |   9|          2|    6|         12|
    |ap_phi_mux_data_79_V_read102_p_phi_fu_3298_p4      |   9|          2|    6|         12|
    |ap_phi_mux_data_79_V_read102_r_phi_fu_2042_p6      |   9|          2|    6|         12|
    |ap_phi_mux_data_7_V_read30_phi_phi_fu_2434_p4      |   9|          2|    6|         12|
    |ap_phi_mux_data_7_V_read30_rew_phi_fu_1034_p6      |   9|          2|    6|         12|
    |ap_phi_mux_data_80_V_read103_p_phi_fu_3310_p4      |   9|          2|    6|         12|
    |ap_phi_mux_data_80_V_read103_r_phi_fu_2056_p6      |   9|          2|    6|         12|
    |ap_phi_mux_data_81_V_read104_p_phi_fu_3322_p4      |   9|          2|    6|         12|
    |ap_phi_mux_data_81_V_read104_r_phi_fu_2070_p6      |   9|          2|    6|         12|
    |ap_phi_mux_data_82_V_read105_p_phi_fu_3334_p4      |   9|          2|    6|         12|
    |ap_phi_mux_data_82_V_read105_r_phi_fu_2084_p6      |   9|          2|    6|         12|
    |ap_phi_mux_data_83_V_read106_p_phi_fu_3346_p4      |   9|          2|    6|         12|
    |ap_phi_mux_data_83_V_read106_r_phi_fu_2098_p6      |   9|          2|    6|         12|
    |ap_phi_mux_data_84_V_read107_p_phi_fu_3358_p4      |   9|          2|    6|         12|
    |ap_phi_mux_data_84_V_read107_r_phi_fu_2112_p6      |   9|          2|    6|         12|
    |ap_phi_mux_data_85_V_read108_p_phi_fu_3370_p4      |   9|          2|    6|         12|
    |ap_phi_mux_data_85_V_read108_r_phi_fu_2126_p6      |   9|          2|    6|         12|
    |ap_phi_mux_data_86_V_read109_p_phi_fu_3382_p4      |   9|          2|    6|         12|
    |ap_phi_mux_data_86_V_read109_r_phi_fu_2140_p6      |   9|          2|    6|         12|
    |ap_phi_mux_data_87_V_read110_p_phi_fu_3394_p4      |   9|          2|    6|         12|
    |ap_phi_mux_data_87_V_read110_r_phi_fu_2154_p6      |   9|          2|    6|         12|
    |ap_phi_mux_data_88_V_read111_p_phi_fu_3406_p4      |   9|          2|    6|         12|
    |ap_phi_mux_data_88_V_read111_r_phi_fu_2168_p6      |   9|          2|    6|         12|
    |ap_phi_mux_data_89_V_read112_p_phi_fu_3418_p4      |   9|          2|    6|         12|
    |ap_phi_mux_data_89_V_read112_r_phi_fu_2182_p6      |   9|          2|    6|         12|
    |ap_phi_mux_data_8_V_read31_phi_phi_fu_2446_p4      |   9|          2|    6|         12|
    |ap_phi_mux_data_8_V_read31_rew_phi_fu_1048_p6      |   9|          2|    6|         12|
    |ap_phi_mux_data_90_V_read113_p_phi_fu_3430_p4      |   9|          2|    6|         12|
    |ap_phi_mux_data_90_V_read113_r_phi_fu_2196_p6      |   9|          2|    6|         12|
    |ap_phi_mux_data_91_V_read114_p_phi_fu_3442_p4      |   9|          2|    6|         12|
    |ap_phi_mux_data_91_V_read114_r_phi_fu_2210_p6      |   9|          2|    6|         12|
    |ap_phi_mux_data_92_V_read115_p_phi_fu_3454_p4      |   9|          2|    6|         12|
    |ap_phi_mux_data_92_V_read115_r_phi_fu_2224_p6      |   9|          2|    6|         12|
    |ap_phi_mux_data_93_V_read116_p_phi_fu_3466_p4      |   9|          2|    6|         12|
    |ap_phi_mux_data_93_V_read116_r_phi_fu_2238_p6      |   9|          2|    6|         12|
    |ap_phi_mux_data_94_V_read117_p_phi_fu_3478_p4      |   9|          2|    6|         12|
    |ap_phi_mux_data_94_V_read117_r_phi_fu_2252_p6      |   9|          2|    6|         12|
    |ap_phi_mux_data_95_V_read118_p_phi_fu_3490_p4      |   9|          2|    6|         12|
    |ap_phi_mux_data_95_V_read118_r_phi_fu_2266_p6      |   9|          2|    6|         12|
    |ap_phi_mux_data_96_V_read119_p_phi_fu_3502_p4      |   9|          2|    6|         12|
    |ap_phi_mux_data_96_V_read119_r_phi_fu_2280_p6      |   9|          2|    6|         12|
    |ap_phi_mux_data_97_V_read120_p_phi_fu_3514_p4      |   9|          2|    6|         12|
    |ap_phi_mux_data_97_V_read120_r_phi_fu_2294_p6      |   9|          2|    6|         12|
    |ap_phi_mux_data_98_V_read121_p_phi_fu_3526_p4      |   9|          2|    6|         12|
    |ap_phi_mux_data_98_V_read121_r_phi_fu_2308_p6      |   9|          2|    6|         12|
    |ap_phi_mux_data_99_V_read122_p_phi_fu_3538_p4      |   9|          2|    6|         12|
    |ap_phi_mux_data_99_V_read122_r_phi_fu_2322_p6      |   9|          2|    6|         12|
    |ap_phi_mux_data_9_V_read32_phi_phi_fu_2458_p4      |   9|          2|    6|         12|
    |ap_phi_mux_data_9_V_read32_rew_phi_fu_1062_p6      |   9|          2|    6|         12|
    |ap_phi_mux_do_init_phi_fu_906_p6                   |  15|          3|    1|          3|
    |ap_phi_mux_in_index_0_i22_phi_fu_2336_p6           |  15|          3|   32|         96|
    |ap_phi_mux_w_index21_phi_fu_922_p6                 |  15|          3|    9|         27|
    |ap_phi_reg_pp0_iter1_data_0_V_read23_phi_reg_2346  |   9|          2|    6|         12|
    |ap_phi_reg_pp0_iter1_data_10_V_read33_ph_reg_2466  |   9|          2|    6|         12|
    |ap_phi_reg_pp0_iter1_data_11_V_read34_ph_reg_2478  |   9|          2|    6|         12|
    |ap_phi_reg_pp0_iter1_data_12_V_read35_ph_reg_2490  |   9|          2|    6|         12|
    |ap_phi_reg_pp0_iter1_data_13_V_read36_ph_reg_2502  |   9|          2|    6|         12|
    |ap_phi_reg_pp0_iter1_data_14_V_read37_ph_reg_2514  |   9|          2|    6|         12|
    |ap_phi_reg_pp0_iter1_data_15_V_read38_ph_reg_2526  |   9|          2|    6|         12|
    |ap_phi_reg_pp0_iter1_data_16_V_read39_ph_reg_2538  |   9|          2|    6|         12|
    |ap_phi_reg_pp0_iter1_data_17_V_read40_ph_reg_2550  |   9|          2|    6|         12|
    |ap_phi_reg_pp0_iter1_data_18_V_read41_ph_reg_2562  |   9|          2|    6|         12|
    |ap_phi_reg_pp0_iter1_data_19_V_read42_ph_reg_2574  |   9|          2|    6|         12|
    |ap_phi_reg_pp0_iter1_data_1_V_read24_phi_reg_2358  |   9|          2|    6|         12|
    |ap_phi_reg_pp0_iter1_data_20_V_read43_ph_reg_2586  |   9|          2|    6|         12|
    |ap_phi_reg_pp0_iter1_data_21_V_read44_ph_reg_2598  |   9|          2|    6|         12|
    |ap_phi_reg_pp0_iter1_data_22_V_read45_ph_reg_2610  |   9|          2|    6|         12|
    |ap_phi_reg_pp0_iter1_data_23_V_read46_ph_reg_2622  |   9|          2|    6|         12|
    |ap_phi_reg_pp0_iter1_data_24_V_read47_ph_reg_2634  |   9|          2|    6|         12|
    |ap_phi_reg_pp0_iter1_data_25_V_read48_ph_reg_2646  |   9|          2|    6|         12|
    |ap_phi_reg_pp0_iter1_data_26_V_read49_ph_reg_2658  |   9|          2|    6|         12|
    |ap_phi_reg_pp0_iter1_data_27_V_read50_ph_reg_2670  |   9|          2|    6|         12|
    |ap_phi_reg_pp0_iter1_data_28_V_read51_ph_reg_2682  |   9|          2|    6|         12|
    |ap_phi_reg_pp0_iter1_data_29_V_read52_ph_reg_2694  |   9|          2|    6|         12|
    |ap_phi_reg_pp0_iter1_data_2_V_read25_phi_reg_2370  |   9|          2|    6|         12|
    |ap_phi_reg_pp0_iter1_data_30_V_read53_ph_reg_2706  |   9|          2|    6|         12|
    |ap_phi_reg_pp0_iter1_data_31_V_read54_ph_reg_2718  |   9|          2|    6|         12|
    |ap_phi_reg_pp0_iter1_data_32_V_read55_ph_reg_2730  |   9|          2|    6|         12|
    |ap_phi_reg_pp0_iter1_data_33_V_read56_ph_reg_2742  |   9|          2|    6|         12|
    |ap_phi_reg_pp0_iter1_data_34_V_read57_ph_reg_2754  |   9|          2|    6|         12|
    |ap_phi_reg_pp0_iter1_data_35_V_read58_ph_reg_2766  |   9|          2|    6|         12|
    |ap_phi_reg_pp0_iter1_data_36_V_read59_ph_reg_2778  |   9|          2|    6|         12|
    |ap_phi_reg_pp0_iter1_data_37_V_read60_ph_reg_2790  |   9|          2|    6|         12|
    |ap_phi_reg_pp0_iter1_data_38_V_read61_ph_reg_2802  |   9|          2|    6|         12|
    |ap_phi_reg_pp0_iter1_data_39_V_read62_ph_reg_2814  |   9|          2|    6|         12|
    |ap_phi_reg_pp0_iter1_data_3_V_read26_phi_reg_2382  |   9|          2|    6|         12|
    |ap_phi_reg_pp0_iter1_data_40_V_read63_ph_reg_2826  |   9|          2|    6|         12|
    |ap_phi_reg_pp0_iter1_data_41_V_read64_ph_reg_2838  |   9|          2|    6|         12|
    |ap_phi_reg_pp0_iter1_data_42_V_read65_ph_reg_2850  |   9|          2|    6|         12|
    |ap_phi_reg_pp0_iter1_data_43_V_read66_ph_reg_2862  |   9|          2|    6|         12|
    |ap_phi_reg_pp0_iter1_data_44_V_read67_ph_reg_2874  |   9|          2|    6|         12|
    |ap_phi_reg_pp0_iter1_data_45_V_read68_ph_reg_2886  |   9|          2|    6|         12|
    |ap_phi_reg_pp0_iter1_data_46_V_read69_ph_reg_2898  |   9|          2|    6|         12|
    |ap_phi_reg_pp0_iter1_data_47_V_read70_ph_reg_2910  |   9|          2|    6|         12|
    |ap_phi_reg_pp0_iter1_data_48_V_read71_ph_reg_2922  |   9|          2|    6|         12|
    |ap_phi_reg_pp0_iter1_data_49_V_read72_ph_reg_2934  |   9|          2|    6|         12|
    |ap_phi_reg_pp0_iter1_data_4_V_read27_phi_reg_2394  |   9|          2|    6|         12|
    |ap_phi_reg_pp0_iter1_data_50_V_read73_ph_reg_2946  |   9|          2|    6|         12|
    |ap_phi_reg_pp0_iter1_data_51_V_read74_ph_reg_2958  |   9|          2|    6|         12|
    |ap_phi_reg_pp0_iter1_data_52_V_read75_ph_reg_2970  |   9|          2|    6|         12|
    |ap_phi_reg_pp0_iter1_data_53_V_read76_ph_reg_2982  |   9|          2|    6|         12|
    |ap_phi_reg_pp0_iter1_data_54_V_read77_ph_reg_2994  |   9|          2|    6|         12|
    |ap_phi_reg_pp0_iter1_data_55_V_read78_ph_reg_3006  |   9|          2|    6|         12|
    |ap_phi_reg_pp0_iter1_data_56_V_read79_ph_reg_3018  |   9|          2|    6|         12|
    |ap_phi_reg_pp0_iter1_data_57_V_read80_ph_reg_3030  |   9|          2|    6|         12|
    |ap_phi_reg_pp0_iter1_data_58_V_read81_ph_reg_3042  |   9|          2|    6|         12|
    |ap_phi_reg_pp0_iter1_data_59_V_read82_ph_reg_3054  |   9|          2|    6|         12|
    |ap_phi_reg_pp0_iter1_data_5_V_read28_phi_reg_2406  |   9|          2|    6|         12|
    |ap_phi_reg_pp0_iter1_data_60_V_read83_ph_reg_3066  |   9|          2|    6|         12|
    |ap_phi_reg_pp0_iter1_data_61_V_read84_ph_reg_3078  |   9|          2|    6|         12|
    |ap_phi_reg_pp0_iter1_data_62_V_read85_ph_reg_3090  |   9|          2|    6|         12|
    |ap_phi_reg_pp0_iter1_data_63_V_read86_ph_reg_3102  |   9|          2|    6|         12|
    |ap_phi_reg_pp0_iter1_data_64_V_read87_ph_reg_3114  |   9|          2|    6|         12|
    |ap_phi_reg_pp0_iter1_data_65_V_read88_ph_reg_3126  |   9|          2|    6|         12|
    |ap_phi_reg_pp0_iter1_data_66_V_read89_ph_reg_3138  |   9|          2|    6|         12|
    |ap_phi_reg_pp0_iter1_data_67_V_read90_ph_reg_3150  |   9|          2|    6|         12|
    |ap_phi_reg_pp0_iter1_data_68_V_read91_ph_reg_3162  |   9|          2|    6|         12|
    |ap_phi_reg_pp0_iter1_data_69_V_read92_ph_reg_3174  |   9|          2|    6|         12|
    |ap_phi_reg_pp0_iter1_data_6_V_read29_phi_reg_2418  |   9|          2|    6|         12|
    |ap_phi_reg_pp0_iter1_data_70_V_read93_ph_reg_3186  |   9|          2|    6|         12|
    |ap_phi_reg_pp0_iter1_data_71_V_read94_ph_reg_3198  |   9|          2|    6|         12|
    |ap_phi_reg_pp0_iter1_data_72_V_read95_ph_reg_3210  |   9|          2|    6|         12|
    |ap_phi_reg_pp0_iter1_data_73_V_read96_ph_reg_3222  |   9|          2|    6|         12|
    |ap_phi_reg_pp0_iter1_data_74_V_read97_ph_reg_3234  |   9|          2|    6|         12|
    |ap_phi_reg_pp0_iter1_data_75_V_read98_ph_reg_3246  |   9|          2|    6|         12|
    |ap_phi_reg_pp0_iter1_data_76_V_read99_ph_reg_3258  |   9|          2|    6|         12|
    |ap_phi_reg_pp0_iter1_data_77_V_read100_p_reg_3270  |   9|          2|    6|         12|
    |ap_phi_reg_pp0_iter1_data_78_V_read101_p_reg_3282  |   9|          2|    6|         12|
    |ap_phi_reg_pp0_iter1_data_79_V_read102_p_reg_3294  |   9|          2|    6|         12|
    |ap_phi_reg_pp0_iter1_data_7_V_read30_phi_reg_2430  |   9|          2|    6|         12|
    |ap_phi_reg_pp0_iter1_data_80_V_read103_p_reg_3306  |   9|          2|    6|         12|
    |ap_phi_reg_pp0_iter1_data_81_V_read104_p_reg_3318  |   9|          2|    6|         12|
    |ap_phi_reg_pp0_iter1_data_82_V_read105_p_reg_3330  |   9|          2|    6|         12|
    |ap_phi_reg_pp0_iter1_data_83_V_read106_p_reg_3342  |   9|          2|    6|         12|
    |ap_phi_reg_pp0_iter1_data_84_V_read107_p_reg_3354  |   9|          2|    6|         12|
    |ap_phi_reg_pp0_iter1_data_85_V_read108_p_reg_3366  |   9|          2|    6|         12|
    |ap_phi_reg_pp0_iter1_data_86_V_read109_p_reg_3378  |   9|          2|    6|         12|
    |ap_phi_reg_pp0_iter1_data_87_V_read110_p_reg_3390  |   9|          2|    6|         12|
    |ap_phi_reg_pp0_iter1_data_88_V_read111_p_reg_3402  |   9|          2|    6|         12|
    |ap_phi_reg_pp0_iter1_data_89_V_read112_p_reg_3414  |   9|          2|    6|         12|
    |ap_phi_reg_pp0_iter1_data_8_V_read31_phi_reg_2442  |   9|          2|    6|         12|
    |ap_phi_reg_pp0_iter1_data_90_V_read113_p_reg_3426  |   9|          2|    6|         12|
    |ap_phi_reg_pp0_iter1_data_91_V_read114_p_reg_3438  |   9|          2|    6|         12|
    |ap_phi_reg_pp0_iter1_data_92_V_read115_p_reg_3450  |   9|          2|    6|         12|
    |ap_phi_reg_pp0_iter1_data_93_V_read116_p_reg_3462  |   9|          2|    6|         12|
    |ap_phi_reg_pp0_iter1_data_94_V_read117_p_reg_3474  |   9|          2|    6|         12|
    |ap_phi_reg_pp0_iter1_data_95_V_read118_p_reg_3486  |   9|          2|    6|         12|
    |ap_phi_reg_pp0_iter1_data_96_V_read119_p_reg_3498  |   9|          2|    6|         12|
    |ap_phi_reg_pp0_iter1_data_97_V_read120_p_reg_3510  |   9|          2|    6|         12|
    |ap_phi_reg_pp0_iter1_data_98_V_read121_p_reg_3522  |   9|          2|    6|         12|
    |ap_phi_reg_pp0_iter1_data_99_V_read122_p_reg_3534  |   9|          2|    6|         12|
    |ap_phi_reg_pp0_iter1_data_9_V_read32_phi_reg_2454  |   9|          2|    6|         12|
    |ap_return_0                                        |   9|          2|   12|         24|
    |ap_return_1                                        |   9|          2|   12|         24|
    |ap_return_2                                        |   9|          2|   12|         24|
    |ap_return_3                                        |   9|          2|   12|         24|
    |ap_return_4                                        |   9|          2|   12|         24|
    |ap_return_5                                        |   9|          2|   12|         24|
    |ap_return_6                                        |   9|          2|   12|         24|
    |ap_return_7                                        |   9|          2|   12|         24|
    |ap_return_8                                        |   9|          2|   12|         24|
    |ap_return_9                                        |   9|          2|   12|         24|
    |data_0_V_read23_phi_reg_2346                       |   9|          2|    6|         12|
    |data_10_V_read33_ph_reg_2466                       |   9|          2|    6|         12|
    |data_11_V_read34_ph_reg_2478                       |   9|          2|    6|         12|
    |data_12_V_read35_ph_reg_2490                       |   9|          2|    6|         12|
    |data_13_V_read36_ph_reg_2502                       |   9|          2|    6|         12|
    |data_14_V_read37_ph_reg_2514                       |   9|          2|    6|         12|
    |data_15_V_read38_ph_reg_2526                       |   9|          2|    6|         12|
    |data_16_V_read39_ph_reg_2538                       |   9|          2|    6|         12|
    |data_17_V_read40_ph_reg_2550                       |   9|          2|    6|         12|
    |data_18_V_read41_ph_reg_2562                       |   9|          2|    6|         12|
    |data_19_V_read42_ph_reg_2574                       |   9|          2|    6|         12|
    |data_1_V_read24_phi_reg_2358                       |   9|          2|    6|         12|
    |data_20_V_read43_ph_reg_2586                       |   9|          2|    6|         12|
    |data_21_V_read44_ph_reg_2598                       |   9|          2|    6|         12|
    |data_22_V_read45_ph_reg_2610                       |   9|          2|    6|         12|
    |data_23_V_read46_ph_reg_2622                       |   9|          2|    6|         12|
    |data_24_V_read47_ph_reg_2634                       |   9|          2|    6|         12|
    |data_25_V_read48_ph_reg_2646                       |   9|          2|    6|         12|
    |data_26_V_read49_ph_reg_2658                       |   9|          2|    6|         12|
    |data_27_V_read50_ph_reg_2670                       |   9|          2|    6|         12|
    |data_28_V_read51_ph_reg_2682                       |   9|          2|    6|         12|
    |data_29_V_read52_ph_reg_2694                       |   9|          2|    6|         12|
    |data_2_V_read25_phi_reg_2370                       |   9|          2|    6|         12|
    |data_30_V_read53_ph_reg_2706                       |   9|          2|    6|         12|
    |data_31_V_read54_ph_reg_2718                       |   9|          2|    6|         12|
    |data_32_V_read55_ph_reg_2730                       |   9|          2|    6|         12|
    |data_33_V_read56_ph_reg_2742                       |   9|          2|    6|         12|
    |data_34_V_read57_ph_reg_2754                       |   9|          2|    6|         12|
    |data_35_V_read58_ph_reg_2766                       |   9|          2|    6|         12|
    |data_36_V_read59_ph_reg_2778                       |   9|          2|    6|         12|
    |data_37_V_read60_ph_reg_2790                       |   9|          2|    6|         12|
    |data_38_V_read61_ph_reg_2802                       |   9|          2|    6|         12|
    |data_39_V_read62_ph_reg_2814                       |   9|          2|    6|         12|
    |data_3_V_read26_phi_reg_2382                       |   9|          2|    6|         12|
    |data_40_V_read63_ph_reg_2826                       |   9|          2|    6|         12|
    |data_41_V_read64_ph_reg_2838                       |   9|          2|    6|         12|
    |data_42_V_read65_ph_reg_2850                       |   9|          2|    6|         12|
    |data_43_V_read66_ph_reg_2862                       |   9|          2|    6|         12|
    |data_44_V_read67_ph_reg_2874                       |   9|          2|    6|         12|
    |data_45_V_read68_ph_reg_2886                       |   9|          2|    6|         12|
    |data_46_V_read69_ph_reg_2898                       |   9|          2|    6|         12|
    |data_47_V_read70_ph_reg_2910                       |   9|          2|    6|         12|
    |data_48_V_read71_ph_reg_2922                       |   9|          2|    6|         12|
    |data_49_V_read72_ph_reg_2934                       |   9|          2|    6|         12|
    |data_4_V_read27_phi_reg_2394                       |   9|          2|    6|         12|
    |data_50_V_read73_ph_reg_2946                       |   9|          2|    6|         12|
    |data_51_V_read74_ph_reg_2958                       |   9|          2|    6|         12|
    |data_52_V_read75_ph_reg_2970                       |   9|          2|    6|         12|
    |data_53_V_read76_ph_reg_2982                       |   9|          2|    6|         12|
    |data_54_V_read77_ph_reg_2994                       |   9|          2|    6|         12|
    |data_55_V_read78_ph_reg_3006                       |   9|          2|    6|         12|
    |data_56_V_read79_ph_reg_3018                       |   9|          2|    6|         12|
    |data_57_V_read80_ph_reg_3030                       |   9|          2|    6|         12|
    |data_58_V_read81_ph_reg_3042                       |   9|          2|    6|         12|
    |data_59_V_read82_ph_reg_3054                       |   9|          2|    6|         12|
    |data_5_V_read28_phi_reg_2406                       |   9|          2|    6|         12|
    |data_60_V_read83_ph_reg_3066                       |   9|          2|    6|         12|
    |data_61_V_read84_ph_reg_3078                       |   9|          2|    6|         12|
    |data_62_V_read85_ph_reg_3090                       |   9|          2|    6|         12|
    |data_63_V_read86_ph_reg_3102                       |   9|          2|    6|         12|
    |data_64_V_read87_ph_reg_3114                       |   9|          2|    6|         12|
    |data_65_V_read88_ph_reg_3126                       |   9|          2|    6|         12|
    |data_66_V_read89_ph_reg_3138                       |   9|          2|    6|         12|
    |data_67_V_read90_ph_reg_3150                       |   9|          2|    6|         12|
    |data_68_V_read91_ph_reg_3162                       |   9|          2|    6|         12|
    |data_69_V_read92_ph_reg_3174                       |   9|          2|    6|         12|
    |data_6_V_read29_phi_reg_2418                       |   9|          2|    6|         12|
    |data_70_V_read93_ph_reg_3186                       |   9|          2|    6|         12|
    |data_71_V_read94_ph_reg_3198                       |   9|          2|    6|         12|
    |data_72_V_read95_ph_reg_3210                       |   9|          2|    6|         12|
    |data_73_V_read96_ph_reg_3222                       |   9|          2|    6|         12|
    |data_74_V_read97_ph_reg_3234                       |   9|          2|    6|         12|
    |data_75_V_read98_ph_reg_3246                       |   9|          2|    6|         12|
    |data_76_V_read99_ph_reg_3258                       |   9|          2|    6|         12|
    |data_77_V_read100_p_reg_3270                       |   9|          2|    6|         12|
    |data_78_V_read101_p_reg_3282                       |   9|          2|    6|         12|
    |data_79_V_read102_p_reg_3294                       |   9|          2|    6|         12|
    |data_7_V_read30_phi_reg_2430                       |   9|          2|    6|         12|
    |data_80_V_read103_p_reg_3306                       |   9|          2|    6|         12|
    |data_81_V_read104_p_reg_3318                       |   9|          2|    6|         12|
    |data_82_V_read105_p_reg_3330                       |   9|          2|    6|         12|
    |data_83_V_read106_p_reg_3342                       |   9|          2|    6|         12|
    |data_84_V_read107_p_reg_3354                       |   9|          2|    6|         12|
    |data_85_V_read108_p_reg_3366                       |   9|          2|    6|         12|
    |data_86_V_read109_p_reg_3378                       |   9|          2|    6|         12|
    |data_87_V_read110_p_reg_3390                       |   9|          2|    6|         12|
    |data_88_V_read111_p_reg_3402                       |   9|          2|    6|         12|
    |data_89_V_read112_p_reg_3414                       |   9|          2|    6|         12|
    |data_8_V_read31_phi_reg_2442                       |   9|          2|    6|         12|
    |data_90_V_read113_p_reg_3426                       |   9|          2|    6|         12|
    |data_91_V_read114_p_reg_3438                       |   9|          2|    6|         12|
    |data_92_V_read115_p_reg_3450                       |   9|          2|    6|         12|
    |data_93_V_read116_p_reg_3462                       |   9|          2|    6|         12|
    |data_94_V_read117_p_reg_3474                       |   9|          2|    6|         12|
    |data_95_V_read118_p_reg_3486                       |   9|          2|    6|         12|
    |data_96_V_read119_p_reg_3498                       |   9|          2|    6|         12|
    |data_97_V_read120_p_reg_3510                       |   9|          2|    6|         12|
    |data_98_V_read121_p_reg_3522                       |   9|          2|    6|         12|
    |data_99_V_read122_p_reg_3534                       |   9|          2|    6|         12|
    |data_9_V_read32_phi_reg_2454                       |   9|          2|    6|         12|
    |in_index_0_i22_reg_2332                            |   9|          2|   32|         64|
    |res_0_V_write_assig_reg_3546                       |   9|          2|   12|         24|
    |res_1_V_write_assig_reg_3560                       |   9|          2|   12|         24|
    |res_2_V_write_assig_reg_3574                       |   9|          2|   12|         24|
    |res_3_V_write_assig_reg_3588                       |   9|          2|   12|         24|
    |res_4_V_write_assig_reg_3602                       |   9|          2|   12|         24|
    |res_5_V_write_assig_reg_3616                       |   9|          2|   12|         24|
    |res_6_V_write_assig_reg_3630                       |   9|          2|   12|         24|
    |res_7_V_write_assig_reg_3644                       |   9|          2|   12|         24|
    |res_8_V_write_assig_reg_3658                       |   9|          2|   12|         24|
    |res_9_V_write_assig_reg_3672                       |   9|          2|   12|         24|
    |w_index21_reg_918                                  |   9|          2|    9|         18|
    +---------------------------------------------------+----+-----------+-----+-----------+
    |Total                                              |4035|        892| 2847|       5857|
    +---------------------------------------------------+----+-----------+-----+-----------+

    * Register: 
    +---------------------------------------------------+----+----+-----+-----------+
    |                        Name                       | FF | LUT| Bits| Const Bits|
    +---------------------------------------------------+----+----+-----+-----------+
    |ap_CS_fsm                                          |   2|   0|    2|          0|
    |ap_done_reg                                        |   1|   0|    1|          0|
    |ap_enable_reg_pp0_iter1                            |   1|   0|    1|          0|
    |ap_enable_reg_pp0_iter2                            |   1|   0|    1|          0|
    |ap_phi_reg_pp0_iter1_data_0_V_read23_phi_reg_2346  |   6|   0|    6|          0|
    |ap_phi_reg_pp0_iter1_data_10_V_read33_ph_reg_2466  |   6|   0|    6|          0|
    |ap_phi_reg_pp0_iter1_data_11_V_read34_ph_reg_2478  |   6|   0|    6|          0|
    |ap_phi_reg_pp0_iter1_data_12_V_read35_ph_reg_2490  |   6|   0|    6|          0|
    |ap_phi_reg_pp0_iter1_data_13_V_read36_ph_reg_2502  |   6|   0|    6|          0|
    |ap_phi_reg_pp0_iter1_data_14_V_read37_ph_reg_2514  |   6|   0|    6|          0|
    |ap_phi_reg_pp0_iter1_data_15_V_read38_ph_reg_2526  |   6|   0|    6|          0|
    |ap_phi_reg_pp0_iter1_data_16_V_read39_ph_reg_2538  |   6|   0|    6|          0|
    |ap_phi_reg_pp0_iter1_data_17_V_read40_ph_reg_2550  |   6|   0|    6|          0|
    |ap_phi_reg_pp0_iter1_data_18_V_read41_ph_reg_2562  |   6|   0|    6|          0|
    |ap_phi_reg_pp0_iter1_data_19_V_read42_ph_reg_2574  |   6|   0|    6|          0|
    |ap_phi_reg_pp0_iter1_data_1_V_read24_phi_reg_2358  |   6|   0|    6|          0|
    |ap_phi_reg_pp0_iter1_data_20_V_read43_ph_reg_2586  |   6|   0|    6|          0|
    |ap_phi_reg_pp0_iter1_data_21_V_read44_ph_reg_2598  |   6|   0|    6|          0|
    |ap_phi_reg_pp0_iter1_data_22_V_read45_ph_reg_2610  |   6|   0|    6|          0|
    |ap_phi_reg_pp0_iter1_data_23_V_read46_ph_reg_2622  |   6|   0|    6|          0|
    |ap_phi_reg_pp0_iter1_data_24_V_read47_ph_reg_2634  |   6|   0|    6|          0|
    |ap_phi_reg_pp0_iter1_data_25_V_read48_ph_reg_2646  |   6|   0|    6|          0|
    |ap_phi_reg_pp0_iter1_data_26_V_read49_ph_reg_2658  |   6|   0|    6|          0|
    |ap_phi_reg_pp0_iter1_data_27_V_read50_ph_reg_2670  |   6|   0|    6|          0|
    |ap_phi_reg_pp0_iter1_data_28_V_read51_ph_reg_2682  |   6|   0|    6|          0|
    |ap_phi_reg_pp0_iter1_data_29_V_read52_ph_reg_2694  |   6|   0|    6|          0|
    |ap_phi_reg_pp0_iter1_data_2_V_read25_phi_reg_2370  |   6|   0|    6|          0|
    |ap_phi_reg_pp0_iter1_data_30_V_read53_ph_reg_2706  |   6|   0|    6|          0|
    |ap_phi_reg_pp0_iter1_data_31_V_read54_ph_reg_2718  |   6|   0|    6|          0|
    |ap_phi_reg_pp0_iter1_data_32_V_read55_ph_reg_2730  |   6|   0|    6|          0|
    |ap_phi_reg_pp0_iter1_data_33_V_read56_ph_reg_2742  |   6|   0|    6|          0|
    |ap_phi_reg_pp0_iter1_data_34_V_read57_ph_reg_2754  |   6|   0|    6|          0|
    |ap_phi_reg_pp0_iter1_data_35_V_read58_ph_reg_2766  |   6|   0|    6|          0|
    |ap_phi_reg_pp0_iter1_data_36_V_read59_ph_reg_2778  |   6|   0|    6|          0|
    |ap_phi_reg_pp0_iter1_data_37_V_read60_ph_reg_2790  |   6|   0|    6|          0|
    |ap_phi_reg_pp0_iter1_data_38_V_read61_ph_reg_2802  |   6|   0|    6|          0|
    |ap_phi_reg_pp0_iter1_data_39_V_read62_ph_reg_2814  |   6|   0|    6|          0|
    |ap_phi_reg_pp0_iter1_data_3_V_read26_phi_reg_2382  |   6|   0|    6|          0|
    |ap_phi_reg_pp0_iter1_data_40_V_read63_ph_reg_2826  |   6|   0|    6|          0|
    |ap_phi_reg_pp0_iter1_data_41_V_read64_ph_reg_2838  |   6|   0|    6|          0|
    |ap_phi_reg_pp0_iter1_data_42_V_read65_ph_reg_2850  |   6|   0|    6|          0|
    |ap_phi_reg_pp0_iter1_data_43_V_read66_ph_reg_2862  |   6|   0|    6|          0|
    |ap_phi_reg_pp0_iter1_data_44_V_read67_ph_reg_2874  |   6|   0|    6|          0|
    |ap_phi_reg_pp0_iter1_data_45_V_read68_ph_reg_2886  |   6|   0|    6|          0|
    |ap_phi_reg_pp0_iter1_data_46_V_read69_ph_reg_2898  |   6|   0|    6|          0|
    |ap_phi_reg_pp0_iter1_data_47_V_read70_ph_reg_2910  |   6|   0|    6|          0|
    |ap_phi_reg_pp0_iter1_data_48_V_read71_ph_reg_2922  |   6|   0|    6|          0|
    |ap_phi_reg_pp0_iter1_data_49_V_read72_ph_reg_2934  |   6|   0|    6|          0|
    |ap_phi_reg_pp0_iter1_data_4_V_read27_phi_reg_2394  |   6|   0|    6|          0|
    |ap_phi_reg_pp0_iter1_data_50_V_read73_ph_reg_2946  |   6|   0|    6|          0|
    |ap_phi_reg_pp0_iter1_data_51_V_read74_ph_reg_2958  |   6|   0|    6|          0|
    |ap_phi_reg_pp0_iter1_data_52_V_read75_ph_reg_2970  |   6|   0|    6|          0|
    |ap_phi_reg_pp0_iter1_data_53_V_read76_ph_reg_2982  |   6|   0|    6|          0|
    |ap_phi_reg_pp0_iter1_data_54_V_read77_ph_reg_2994  |   6|   0|    6|          0|
    |ap_phi_reg_pp0_iter1_data_55_V_read78_ph_reg_3006  |   6|   0|    6|          0|
    |ap_phi_reg_pp0_iter1_data_56_V_read79_ph_reg_3018  |   6|   0|    6|          0|
    |ap_phi_reg_pp0_iter1_data_57_V_read80_ph_reg_3030  |   6|   0|    6|          0|
    |ap_phi_reg_pp0_iter1_data_58_V_read81_ph_reg_3042  |   6|   0|    6|          0|
    |ap_phi_reg_pp0_iter1_data_59_V_read82_ph_reg_3054  |   6|   0|    6|          0|
    |ap_phi_reg_pp0_iter1_data_5_V_read28_phi_reg_2406  |   6|   0|    6|          0|
    |ap_phi_reg_pp0_iter1_data_60_V_read83_ph_reg_3066  |   6|   0|    6|          0|
    |ap_phi_reg_pp0_iter1_data_61_V_read84_ph_reg_3078  |   6|   0|    6|          0|
    |ap_phi_reg_pp0_iter1_data_62_V_read85_ph_reg_3090  |   6|   0|    6|          0|
    |ap_phi_reg_pp0_iter1_data_63_V_read86_ph_reg_3102  |   6|   0|    6|          0|
    |ap_phi_reg_pp0_iter1_data_64_V_read87_ph_reg_3114  |   6|   0|    6|          0|
    |ap_phi_reg_pp0_iter1_data_65_V_read88_ph_reg_3126  |   6|   0|    6|          0|
    |ap_phi_reg_pp0_iter1_data_66_V_read89_ph_reg_3138  |   6|   0|    6|          0|
    |ap_phi_reg_pp0_iter1_data_67_V_read90_ph_reg_3150  |   6|   0|    6|          0|
    |ap_phi_reg_pp0_iter1_data_68_V_read91_ph_reg_3162  |   6|   0|    6|          0|
    |ap_phi_reg_pp0_iter1_data_69_V_read92_ph_reg_3174  |   6|   0|    6|          0|
    |ap_phi_reg_pp0_iter1_data_6_V_read29_phi_reg_2418  |   6|   0|    6|          0|
    |ap_phi_reg_pp0_iter1_data_70_V_read93_ph_reg_3186  |   6|   0|    6|          0|
    |ap_phi_reg_pp0_iter1_data_71_V_read94_ph_reg_3198  |   6|   0|    6|          0|
    |ap_phi_reg_pp0_iter1_data_72_V_read95_ph_reg_3210  |   6|   0|    6|          0|
    |ap_phi_reg_pp0_iter1_data_73_V_read96_ph_reg_3222  |   6|   0|    6|          0|
    |ap_phi_reg_pp0_iter1_data_74_V_read97_ph_reg_3234  |   6|   0|    6|          0|
    |ap_phi_reg_pp0_iter1_data_75_V_read98_ph_reg_3246  |   6|   0|    6|          0|
    |ap_phi_reg_pp0_iter1_data_76_V_read99_ph_reg_3258  |   6|   0|    6|          0|
    |ap_phi_reg_pp0_iter1_data_77_V_read100_p_reg_3270  |   6|   0|    6|          0|
    |ap_phi_reg_pp0_iter1_data_78_V_read101_p_reg_3282  |   6|   0|    6|          0|
    |ap_phi_reg_pp0_iter1_data_79_V_read102_p_reg_3294  |   6|   0|    6|          0|
    |ap_phi_reg_pp0_iter1_data_7_V_read30_phi_reg_2430  |   6|   0|    6|          0|
    |ap_phi_reg_pp0_iter1_data_80_V_read103_p_reg_3306  |   6|   0|    6|          0|
    |ap_phi_reg_pp0_iter1_data_81_V_read104_p_reg_3318  |   6|   0|    6|          0|
    |ap_phi_reg_pp0_iter1_data_82_V_read105_p_reg_3330  |   6|   0|    6|          0|
    |ap_phi_reg_pp0_iter1_data_83_V_read106_p_reg_3342  |   6|   0|    6|          0|
    |ap_phi_reg_pp0_iter1_data_84_V_read107_p_reg_3354  |   6|   0|    6|          0|
    |ap_phi_reg_pp0_iter1_data_85_V_read108_p_reg_3366  |   6|   0|    6|          0|
    |ap_phi_reg_pp0_iter1_data_86_V_read109_p_reg_3378  |   6|   0|    6|          0|
    |ap_phi_reg_pp0_iter1_data_87_V_read110_p_reg_3390  |   6|   0|    6|          0|
    |ap_phi_reg_pp0_iter1_data_88_V_read111_p_reg_3402  |   6|   0|    6|          0|
    |ap_phi_reg_pp0_iter1_data_89_V_read112_p_reg_3414  |   6|   0|    6|          0|
    |ap_phi_reg_pp0_iter1_data_8_V_read31_phi_reg_2442  |   6|   0|    6|          0|
    |ap_phi_reg_pp0_iter1_data_90_V_read113_p_reg_3426  |   6|   0|    6|          0|
    |ap_phi_reg_pp0_iter1_data_91_V_read114_p_reg_3438  |   6|   0|    6|          0|
    |ap_phi_reg_pp0_iter1_data_92_V_read115_p_reg_3450  |   6|   0|    6|          0|
    |ap_phi_reg_pp0_iter1_data_93_V_read116_p_reg_3462  |   6|   0|    6|          0|
    |ap_phi_reg_pp0_iter1_data_94_V_read117_p_reg_3474  |   6|   0|    6|          0|
    |ap_phi_reg_pp0_iter1_data_95_V_read118_p_reg_3486  |   6|   0|    6|          0|
    |ap_phi_reg_pp0_iter1_data_96_V_read119_p_reg_3498  |   6|   0|    6|          0|
    |ap_phi_reg_pp0_iter1_data_97_V_read120_p_reg_3510  |   6|   0|    6|          0|
    |ap_phi_reg_pp0_iter1_data_98_V_read121_p_reg_3522  |   6|   0|    6|          0|
    |ap_phi_reg_pp0_iter1_data_99_V_read122_p_reg_3534  |   6|   0|    6|          0|
    |ap_phi_reg_pp0_iter1_data_9_V_read32_phi_reg_2454  |   6|   0|    6|          0|
    |ap_return_0_preg                                   |  12|   0|   12|          0|
    |ap_return_1_preg                                   |  12|   0|   12|          0|
    |ap_return_2_preg                                   |  12|   0|   12|          0|
    |ap_return_3_preg                                   |  12|   0|   12|          0|
    |ap_return_4_preg                                   |  12|   0|   12|          0|
    |ap_return_5_preg                                   |  12|   0|   12|          0|
    |ap_return_6_preg                                   |  12|   0|   12|          0|
    |ap_return_7_preg                                   |  12|   0|   12|          0|
    |ap_return_8_preg                                   |  12|   0|   12|          0|
    |ap_return_9_preg                                   |  12|   0|   12|          0|
    |data_0_V_read23_phi_reg_2346                       |   6|   0|    6|          0|
    |data_0_V_read23_rew_reg_932                        |   6|   0|    6|          0|
    |data_10_V_read33_ph_reg_2466                       |   6|   0|    6|          0|
    |data_10_V_read33_re_reg_1072                       |   6|   0|    6|          0|
    |data_11_V_read34_ph_reg_2478                       |   6|   0|    6|          0|
    |data_11_V_read34_re_reg_1086                       |   6|   0|    6|          0|
    |data_12_V_read35_ph_reg_2490                       |   6|   0|    6|          0|
    |data_12_V_read35_re_reg_1100                       |   6|   0|    6|          0|
    |data_13_V_read36_ph_reg_2502                       |   6|   0|    6|          0|
    |data_13_V_read36_re_reg_1114                       |   6|   0|    6|          0|
    |data_14_V_read37_ph_reg_2514                       |   6|   0|    6|          0|
    |data_14_V_read37_re_reg_1128                       |   6|   0|    6|          0|
    |data_15_V_read38_ph_reg_2526                       |   6|   0|    6|          0|
    |data_15_V_read38_re_reg_1142                       |   6|   0|    6|          0|
    |data_16_V_read39_ph_reg_2538                       |   6|   0|    6|          0|
    |data_16_V_read39_re_reg_1156                       |   6|   0|    6|          0|
    |data_17_V_read40_ph_reg_2550                       |   6|   0|    6|          0|
    |data_17_V_read40_re_reg_1170                       |   6|   0|    6|          0|
    |data_18_V_read41_ph_reg_2562                       |   6|   0|    6|          0|
    |data_18_V_read41_re_reg_1184                       |   6|   0|    6|          0|
    |data_19_V_read42_ph_reg_2574                       |   6|   0|    6|          0|
    |data_19_V_read42_re_reg_1198                       |   6|   0|    6|          0|
    |data_1_V_read24_phi_reg_2358                       |   6|   0|    6|          0|
    |data_1_V_read24_rew_reg_946                        |   6|   0|    6|          0|
    |data_20_V_read43_ph_reg_2586                       |   6|   0|    6|          0|
    |data_20_V_read43_re_reg_1212                       |   6|   0|    6|          0|
    |data_21_V_read44_ph_reg_2598                       |   6|   0|    6|          0|
    |data_21_V_read44_re_reg_1226                       |   6|   0|    6|          0|
    |data_22_V_read45_ph_reg_2610                       |   6|   0|    6|          0|
    |data_22_V_read45_re_reg_1240                       |   6|   0|    6|          0|
    |data_23_V_read46_ph_reg_2622                       |   6|   0|    6|          0|
    |data_23_V_read46_re_reg_1254                       |   6|   0|    6|          0|
    |data_24_V_read47_ph_reg_2634                       |   6|   0|    6|          0|
    |data_24_V_read47_re_reg_1268                       |   6|   0|    6|          0|
    |data_25_V_read48_ph_reg_2646                       |   6|   0|    6|          0|
    |data_25_V_read48_re_reg_1282                       |   6|   0|    6|          0|
    |data_26_V_read49_ph_reg_2658                       |   6|   0|    6|          0|
    |data_26_V_read49_re_reg_1296                       |   6|   0|    6|          0|
    |data_27_V_read50_ph_reg_2670                       |   6|   0|    6|          0|
    |data_27_V_read50_re_reg_1310                       |   6|   0|    6|          0|
    |data_28_V_read51_ph_reg_2682                       |   6|   0|    6|          0|
    |data_28_V_read51_re_reg_1324                       |   6|   0|    6|          0|
    |data_29_V_read52_ph_reg_2694                       |   6|   0|    6|          0|
    |data_29_V_read52_re_reg_1338                       |   6|   0|    6|          0|
    |data_2_V_read25_phi_reg_2370                       |   6|   0|    6|          0|
    |data_2_V_read25_rew_reg_960                        |   6|   0|    6|          0|
    |data_30_V_read53_ph_reg_2706                       |   6|   0|    6|          0|
    |data_30_V_read53_re_reg_1352                       |   6|   0|    6|          0|
    |data_31_V_read54_ph_reg_2718                       |   6|   0|    6|          0|
    |data_31_V_read54_re_reg_1366                       |   6|   0|    6|          0|
    |data_32_V_read55_ph_reg_2730                       |   6|   0|    6|          0|
    |data_32_V_read55_re_reg_1380                       |   6|   0|    6|          0|
    |data_33_V_read56_ph_reg_2742                       |   6|   0|    6|          0|
    |data_33_V_read56_re_reg_1394                       |   6|   0|    6|          0|
    |data_34_V_read57_ph_reg_2754                       |   6|   0|    6|          0|
    |data_34_V_read57_re_reg_1408                       |   6|   0|    6|          0|
    |data_35_V_read58_ph_reg_2766                       |   6|   0|    6|          0|
    |data_35_V_read58_re_reg_1422                       |   6|   0|    6|          0|
    |data_36_V_read59_ph_reg_2778                       |   6|   0|    6|          0|
    |data_36_V_read59_re_reg_1436                       |   6|   0|    6|          0|
    |data_37_V_read60_ph_reg_2790                       |   6|   0|    6|          0|
    |data_37_V_read60_re_reg_1450                       |   6|   0|    6|          0|
    |data_38_V_read61_ph_reg_2802                       |   6|   0|    6|          0|
    |data_38_V_read61_re_reg_1464                       |   6|   0|    6|          0|
    |data_39_V_read62_ph_reg_2814                       |   6|   0|    6|          0|
    |data_39_V_read62_re_reg_1478                       |   6|   0|    6|          0|
    |data_3_V_read26_phi_reg_2382                       |   6|   0|    6|          0|
    |data_3_V_read26_rew_reg_974                        |   6|   0|    6|          0|
    |data_40_V_read63_ph_reg_2826                       |   6|   0|    6|          0|
    |data_40_V_read63_re_reg_1492                       |   6|   0|    6|          0|
    |data_41_V_read64_ph_reg_2838                       |   6|   0|    6|          0|
    |data_41_V_read64_re_reg_1506                       |   6|   0|    6|          0|
    |data_42_V_read65_ph_reg_2850                       |   6|   0|    6|          0|
    |data_42_V_read65_re_reg_1520                       |   6|   0|    6|          0|
    |data_43_V_read66_ph_reg_2862                       |   6|   0|    6|          0|
    |data_43_V_read66_re_reg_1534                       |   6|   0|    6|          0|
    |data_44_V_read67_ph_reg_2874                       |   6|   0|    6|          0|
    |data_44_V_read67_re_reg_1548                       |   6|   0|    6|          0|
    |data_45_V_read68_ph_reg_2886                       |   6|   0|    6|          0|
    |data_45_V_read68_re_reg_1562                       |   6|   0|    6|          0|
    |data_46_V_read69_ph_reg_2898                       |   6|   0|    6|          0|
    |data_46_V_read69_re_reg_1576                       |   6|   0|    6|          0|
    |data_47_V_read70_ph_reg_2910                       |   6|   0|    6|          0|
    |data_47_V_read70_re_reg_1590                       |   6|   0|    6|          0|
    |data_48_V_read71_ph_reg_2922                       |   6|   0|    6|          0|
    |data_48_V_read71_re_reg_1604                       |   6|   0|    6|          0|
    |data_49_V_read72_ph_reg_2934                       |   6|   0|    6|          0|
    |data_49_V_read72_re_reg_1618                       |   6|   0|    6|          0|
    |data_4_V_read27_phi_reg_2394                       |   6|   0|    6|          0|
    |data_4_V_read27_rew_reg_988                        |   6|   0|    6|          0|
    |data_50_V_read73_ph_reg_2946                       |   6|   0|    6|          0|
    |data_50_V_read73_re_reg_1632                       |   6|   0|    6|          0|
    |data_51_V_read74_ph_reg_2958                       |   6|   0|    6|          0|
    |data_51_V_read74_re_reg_1646                       |   6|   0|    6|          0|
    |data_52_V_read75_ph_reg_2970                       |   6|   0|    6|          0|
    |data_52_V_read75_re_reg_1660                       |   6|   0|    6|          0|
    |data_53_V_read76_ph_reg_2982                       |   6|   0|    6|          0|
    |data_53_V_read76_re_reg_1674                       |   6|   0|    6|          0|
    |data_54_V_read77_ph_reg_2994                       |   6|   0|    6|          0|
    |data_54_V_read77_re_reg_1688                       |   6|   0|    6|          0|
    |data_55_V_read78_ph_reg_3006                       |   6|   0|    6|          0|
    |data_55_V_read78_re_reg_1702                       |   6|   0|    6|          0|
    |data_56_V_read79_ph_reg_3018                       |   6|   0|    6|          0|
    |data_56_V_read79_re_reg_1716                       |   6|   0|    6|          0|
    |data_57_V_read80_ph_reg_3030                       |   6|   0|    6|          0|
    |data_57_V_read80_re_reg_1730                       |   6|   0|    6|          0|
    |data_58_V_read81_ph_reg_3042                       |   6|   0|    6|          0|
    |data_58_V_read81_re_reg_1744                       |   6|   0|    6|          0|
    |data_59_V_read82_ph_reg_3054                       |   6|   0|    6|          0|
    |data_59_V_read82_re_reg_1758                       |   6|   0|    6|          0|
    |data_5_V_read28_phi_reg_2406                       |   6|   0|    6|          0|
    |data_5_V_read28_rew_reg_1002                       |   6|   0|    6|          0|
    |data_60_V_read83_ph_reg_3066                       |   6|   0|    6|          0|
    |data_60_V_read83_re_reg_1772                       |   6|   0|    6|          0|
    |data_61_V_read84_ph_reg_3078                       |   6|   0|    6|          0|
    |data_61_V_read84_re_reg_1786                       |   6|   0|    6|          0|
    |data_62_V_read85_ph_reg_3090                       |   6|   0|    6|          0|
    |data_62_V_read85_re_reg_1800                       |   6|   0|    6|          0|
    |data_63_V_read86_ph_reg_3102                       |   6|   0|    6|          0|
    |data_63_V_read86_re_reg_1814                       |   6|   0|    6|          0|
    |data_64_V_read87_ph_reg_3114                       |   6|   0|    6|          0|
    |data_64_V_read87_re_reg_1828                       |   6|   0|    6|          0|
    |data_65_V_read88_ph_reg_3126                       |   6|   0|    6|          0|
    |data_65_V_read88_re_reg_1842                       |   6|   0|    6|          0|
    |data_66_V_read89_ph_reg_3138                       |   6|   0|    6|          0|
    |data_66_V_read89_re_reg_1856                       |   6|   0|    6|          0|
    |data_67_V_read90_ph_reg_3150                       |   6|   0|    6|          0|
    |data_67_V_read90_re_reg_1870                       |   6|   0|    6|          0|
    |data_68_V_read91_ph_reg_3162                       |   6|   0|    6|          0|
    |data_68_V_read91_re_reg_1884                       |   6|   0|    6|          0|
    |data_69_V_read92_ph_reg_3174                       |   6|   0|    6|          0|
    |data_69_V_read92_re_reg_1898                       |   6|   0|    6|          0|
    |data_6_V_read29_phi_reg_2418                       |   6|   0|    6|          0|
    |data_6_V_read29_rew_reg_1016                       |   6|   0|    6|          0|
    |data_70_V_read93_ph_reg_3186                       |   6|   0|    6|          0|
    |data_70_V_read93_re_reg_1912                       |   6|   0|    6|          0|
    |data_71_V_read94_ph_reg_3198                       |   6|   0|    6|          0|
    |data_71_V_read94_re_reg_1926                       |   6|   0|    6|          0|
    |data_72_V_read95_ph_reg_3210                       |   6|   0|    6|          0|
    |data_72_V_read95_re_reg_1940                       |   6|   0|    6|          0|
    |data_73_V_read96_ph_reg_3222                       |   6|   0|    6|          0|
    |data_73_V_read96_re_reg_1954                       |   6|   0|    6|          0|
    |data_74_V_read97_ph_reg_3234                       |   6|   0|    6|          0|
    |data_74_V_read97_re_reg_1968                       |   6|   0|    6|          0|
    |data_75_V_read98_ph_reg_3246                       |   6|   0|    6|          0|
    |data_75_V_read98_re_reg_1982                       |   6|   0|    6|          0|
    |data_76_V_read99_ph_reg_3258                       |   6|   0|    6|          0|
    |data_76_V_read99_re_reg_1996                       |   6|   0|    6|          0|
    |data_77_V_read100_p_reg_3270                       |   6|   0|    6|          0|
    |data_77_V_read100_r_reg_2010                       |   6|   0|    6|          0|
    |data_78_V_read101_p_reg_3282                       |   6|   0|    6|          0|
    |data_78_V_read101_r_reg_2024                       |   6|   0|    6|          0|
    |data_79_V_read102_p_reg_3294                       |   6|   0|    6|          0|
    |data_79_V_read102_r_reg_2038                       |   6|   0|    6|          0|
    |data_7_V_read30_phi_reg_2430                       |   6|   0|    6|          0|
    |data_7_V_read30_rew_reg_1030                       |   6|   0|    6|          0|
    |data_80_V_read103_p_reg_3306                       |   6|   0|    6|          0|
    |data_80_V_read103_r_reg_2052                       |   6|   0|    6|          0|
    |data_81_V_read104_p_reg_3318                       |   6|   0|    6|          0|
    |data_81_V_read104_r_reg_2066                       |   6|   0|    6|          0|
    |data_82_V_read105_p_reg_3330                       |   6|   0|    6|          0|
    |data_82_V_read105_r_reg_2080                       |   6|   0|    6|          0|
    |data_83_V_read106_p_reg_3342                       |   6|   0|    6|          0|
    |data_83_V_read106_r_reg_2094                       |   6|   0|    6|          0|
    |data_84_V_read107_p_reg_3354                       |   6|   0|    6|          0|
    |data_84_V_read107_r_reg_2108                       |   6|   0|    6|          0|
    |data_85_V_read108_p_reg_3366                       |   6|   0|    6|          0|
    |data_85_V_read108_r_reg_2122                       |   6|   0|    6|          0|
    |data_86_V_read109_p_reg_3378                       |   6|   0|    6|          0|
    |data_86_V_read109_r_reg_2136                       |   6|   0|    6|          0|
    |data_87_V_read110_p_reg_3390                       |   6|   0|    6|          0|
    |data_87_V_read110_r_reg_2150                       |   6|   0|    6|          0|
    |data_88_V_read111_p_reg_3402                       |   6|   0|    6|          0|
    |data_88_V_read111_r_reg_2164                       |   6|   0|    6|          0|
    |data_89_V_read112_p_reg_3414                       |   6|   0|    6|          0|
    |data_89_V_read112_r_reg_2178                       |   6|   0|    6|          0|
    |data_8_V_read31_phi_reg_2442                       |   6|   0|    6|          0|
    |data_8_V_read31_rew_reg_1044                       |   6|   0|    6|          0|
    |data_90_V_read113_p_reg_3426                       |   6|   0|    6|          0|
    |data_90_V_read113_r_reg_2192                       |   6|   0|    6|          0|
    |data_91_V_read114_p_reg_3438                       |   6|   0|    6|          0|
    |data_91_V_read114_r_reg_2206                       |   6|   0|    6|          0|
    |data_92_V_read115_p_reg_3450                       |   6|   0|    6|          0|
    |data_92_V_read115_r_reg_2220                       |   6|   0|    6|          0|
    |data_93_V_read116_p_reg_3462                       |   6|   0|    6|          0|
    |data_93_V_read116_r_reg_2234                       |   6|   0|    6|          0|
    |data_94_V_read117_p_reg_3474                       |   6|   0|    6|          0|
    |data_94_V_read117_r_reg_2248                       |   6|   0|    6|          0|
    |data_95_V_read118_p_reg_3486                       |   6|   0|    6|          0|
    |data_95_V_read118_r_reg_2262                       |   6|   0|    6|          0|
    |data_96_V_read119_p_reg_3498                       |   6|   0|    6|          0|
    |data_96_V_read119_r_reg_2276                       |   6|   0|    6|          0|
    |data_97_V_read120_p_reg_3510                       |   6|   0|    6|          0|
    |data_97_V_read120_r_reg_2290                       |   6|   0|    6|          0|
    |data_98_V_read121_p_reg_3522                       |   6|   0|    6|          0|
    |data_98_V_read121_r_reg_2304                       |   6|   0|    6|          0|
    |data_99_V_read122_p_reg_3534                       |   6|   0|    6|          0|
    |data_99_V_read122_r_reg_2318                       |   6|   0|    6|          0|
    |data_9_V_read32_phi_reg_2454                       |   6|   0|    6|          0|
    |data_9_V_read32_rew_reg_1058                       |   6|   0|    6|          0|
    |do_init_reg_902                                    |   1|   0|    1|          0|
    |icmp_ln151_reg_5049                                |   1|   0|    1|          0|
    |icmp_ln151_reg_5049_pp0_iter1_reg                  |   1|   0|    1|          0|
    |in_index_0_i22_reg_2332                            |  32|   0|   32|          0|
    |out_index_reg_5053                                 |   3|   0|    3|          0|
    |p_0_1_reg_5064                                     |  10|   0|   10|          0|
    |p_0_reg_5059                                       |  10|   0|   10|          0|
    |res_0_V_write_assig_reg_3546                       |  12|   0|   12|          0|
    |res_1_V_write_assig_reg_3560                       |  12|   0|   12|          0|
    |res_2_V_write_assig_reg_3574                       |  12|   0|   12|          0|
    |res_3_V_write_assig_reg_3588                       |  12|   0|   12|          0|
    |res_4_V_write_assig_reg_3602                       |  12|   0|   12|          0|
    |res_5_V_write_assig_reg_3616                       |  12|   0|   12|          0|
    |res_6_V_write_assig_reg_3630                       |  12|   0|   12|          0|
    |res_7_V_write_assig_reg_3644                       |  12|   0|   12|          0|
    |res_8_V_write_assig_reg_3658                       |  12|   0|   12|          0|
    |res_9_V_write_assig_reg_3672                       |  12|   0|   12|          0|
    |select_ln168_reg_5069                              |  32|   0|   32|          0|
    |w_index21_reg_918                                  |   9|   0|    9|          0|
    |w_index_reg_5044                                   |   9|   0|    9|          0|
    +---------------------------------------------------+----+----+-----+-----------+
    |Total                                              |2153|   0| 2153|          0|
    +---------------------------------------------------+----+----+-----+-----------+



================================================================
== Interface
================================================================
* Summary: 
+----------------+-----+-----+------------+----------------+--------------+
|    RTL Ports   | Dir | Bits|  Protocol  |  Source Object |    C Type    |
+----------------+-----+-----+------------+----------------+--------------+
|ap_clk          |  in |    1| ap_ctrl_hs |  dense_large.1 | return value |
|ap_rst          |  in |    1| ap_ctrl_hs |  dense_large.1 | return value |
|ap_start        |  in |    1| ap_ctrl_hs |  dense_large.1 | return value |
|ap_done         | out |    1| ap_ctrl_hs |  dense_large.1 | return value |
|ap_continue     |  in |    1| ap_ctrl_hs |  dense_large.1 | return value |
|ap_idle         | out |    1| ap_ctrl_hs |  dense_large.1 | return value |
|ap_ready        | out |    1| ap_ctrl_hs |  dense_large.1 | return value |
|ap_return_0     | out |   12| ap_ctrl_hs |  dense_large.1 | return value |
|ap_return_1     | out |   12| ap_ctrl_hs |  dense_large.1 | return value |
|ap_return_2     | out |   12| ap_ctrl_hs |  dense_large.1 | return value |
|ap_return_3     | out |   12| ap_ctrl_hs |  dense_large.1 | return value |
|ap_return_4     | out |   12| ap_ctrl_hs |  dense_large.1 | return value |
|ap_return_5     | out |   12| ap_ctrl_hs |  dense_large.1 | return value |
|ap_return_6     | out |   12| ap_ctrl_hs |  dense_large.1 | return value |
|ap_return_7     | out |   12| ap_ctrl_hs |  dense_large.1 | return value |
|ap_return_8     | out |   12| ap_ctrl_hs |  dense_large.1 | return value |
|ap_return_9     | out |   12| ap_ctrl_hs |  dense_large.1 | return value |
|data_0_V_read   |  in |    6|   ap_none  |  data_0_V_read |    scalar    |
|data_1_V_read   |  in |    6|   ap_none  |  data_1_V_read |    scalar    |
|data_2_V_read   |  in |    6|   ap_none  |  data_2_V_read |    scalar    |
|data_3_V_read   |  in |    6|   ap_none  |  data_3_V_read |    scalar    |
|data_4_V_read   |  in |    6|   ap_none  |  data_4_V_read |    scalar    |
|data_5_V_read   |  in |    6|   ap_none  |  data_5_V_read |    scalar    |
|data_6_V_read   |  in |    6|   ap_none  |  data_6_V_read |    scalar    |
|data_7_V_read   |  in |    6|   ap_none  |  data_7_V_read |    scalar    |
|data_8_V_read   |  in |    6|   ap_none  |  data_8_V_read |    scalar    |
|data_9_V_read   |  in |    6|   ap_none  |  data_9_V_read |    scalar    |
|data_10_V_read  |  in |    6|   ap_none  | data_10_V_read |    scalar    |
|data_11_V_read  |  in |    6|   ap_none  | data_11_V_read |    scalar    |
|data_12_V_read  |  in |    6|   ap_none  | data_12_V_read |    scalar    |
|data_13_V_read  |  in |    6|   ap_none  | data_13_V_read |    scalar    |
|data_14_V_read  |  in |    6|   ap_none  | data_14_V_read |    scalar    |
|data_15_V_read  |  in |    6|   ap_none  | data_15_V_read |    scalar    |
|data_16_V_read  |  in |    6|   ap_none  | data_16_V_read |    scalar    |
|data_17_V_read  |  in |    6|   ap_none  | data_17_V_read |    scalar    |
|data_18_V_read  |  in |    6|   ap_none  | data_18_V_read |    scalar    |
|data_19_V_read  |  in |    6|   ap_none  | data_19_V_read |    scalar    |
|data_20_V_read  |  in |    6|   ap_none  | data_20_V_read |    scalar    |
|data_21_V_read  |  in |    6|   ap_none  | data_21_V_read |    scalar    |
|data_22_V_read  |  in |    6|   ap_none  | data_22_V_read |    scalar    |
|data_23_V_read  |  in |    6|   ap_none  | data_23_V_read |    scalar    |
|data_24_V_read  |  in |    6|   ap_none  | data_24_V_read |    scalar    |
|data_25_V_read  |  in |    6|   ap_none  | data_25_V_read |    scalar    |
|data_26_V_read  |  in |    6|   ap_none  | data_26_V_read |    scalar    |
|data_27_V_read  |  in |    6|   ap_none  | data_27_V_read |    scalar    |
|data_28_V_read  |  in |    6|   ap_none  | data_28_V_read |    scalar    |
|data_29_V_read  |  in |    6|   ap_none  | data_29_V_read |    scalar    |
|data_30_V_read  |  in |    6|   ap_none  | data_30_V_read |    scalar    |
|data_31_V_read  |  in |    6|   ap_none  | data_31_V_read |    scalar    |
|data_32_V_read  |  in |    6|   ap_none  | data_32_V_read |    scalar    |
|data_33_V_read  |  in |    6|   ap_none  | data_33_V_read |    scalar    |
|data_34_V_read  |  in |    6|   ap_none  | data_34_V_read |    scalar    |
|data_35_V_read  |  in |    6|   ap_none  | data_35_V_read |    scalar    |
|data_36_V_read  |  in |    6|   ap_none  | data_36_V_read |    scalar    |
|data_37_V_read  |  in |    6|   ap_none  | data_37_V_read |    scalar    |
|data_38_V_read  |  in |    6|   ap_none  | data_38_V_read |    scalar    |
|data_39_V_read  |  in |    6|   ap_none  | data_39_V_read |    scalar    |
|data_40_V_read  |  in |    6|   ap_none  | data_40_V_read |    scalar    |
|data_41_V_read  |  in |    6|   ap_none  | data_41_V_read |    scalar    |
|data_42_V_read  |  in |    6|   ap_none  | data_42_V_read |    scalar    |
|data_43_V_read  |  in |    6|   ap_none  | data_43_V_read |    scalar    |
|data_44_V_read  |  in |    6|   ap_none  | data_44_V_read |    scalar    |
|data_45_V_read  |  in |    6|   ap_none  | data_45_V_read |    scalar    |
|data_46_V_read  |  in |    6|   ap_none  | data_46_V_read |    scalar    |
|data_47_V_read  |  in |    6|   ap_none  | data_47_V_read |    scalar    |
|data_48_V_read  |  in |    6|   ap_none  | data_48_V_read |    scalar    |
|data_49_V_read  |  in |    6|   ap_none  | data_49_V_read |    scalar    |
|data_50_V_read  |  in |    6|   ap_none  | data_50_V_read |    scalar    |
|data_51_V_read  |  in |    6|   ap_none  | data_51_V_read |    scalar    |
|data_52_V_read  |  in |    6|   ap_none  | data_52_V_read |    scalar    |
|data_53_V_read  |  in |    6|   ap_none  | data_53_V_read |    scalar    |
|data_54_V_read  |  in |    6|   ap_none  | data_54_V_read |    scalar    |
|data_55_V_read  |  in |    6|   ap_none  | data_55_V_read |    scalar    |
|data_56_V_read  |  in |    6|   ap_none  | data_56_V_read |    scalar    |
|data_57_V_read  |  in |    6|   ap_none  | data_57_V_read |    scalar    |
|data_58_V_read  |  in |    6|   ap_none  | data_58_V_read |    scalar    |
|data_59_V_read  |  in |    6|   ap_none  | data_59_V_read |    scalar    |
|data_60_V_read  |  in |    6|   ap_none  | data_60_V_read |    scalar    |
|data_61_V_read  |  in |    6|   ap_none  | data_61_V_read |    scalar    |
|data_62_V_read  |  in |    6|   ap_none  | data_62_V_read |    scalar    |
|data_63_V_read  |  in |    6|   ap_none  | data_63_V_read |    scalar    |
|data_64_V_read  |  in |    6|   ap_none  | data_64_V_read |    scalar    |
|data_65_V_read  |  in |    6|   ap_none  | data_65_V_read |    scalar    |
|data_66_V_read  |  in |    6|   ap_none  | data_66_V_read |    scalar    |
|data_67_V_read  |  in |    6|   ap_none  | data_67_V_read |    scalar    |
|data_68_V_read  |  in |    6|   ap_none  | data_68_V_read |    scalar    |
|data_69_V_read  |  in |    6|   ap_none  | data_69_V_read |    scalar    |
|data_70_V_read  |  in |    6|   ap_none  | data_70_V_read |    scalar    |
|data_71_V_read  |  in |    6|   ap_none  | data_71_V_read |    scalar    |
|data_72_V_read  |  in |    6|   ap_none  | data_72_V_read |    scalar    |
|data_73_V_read  |  in |    6|   ap_none  | data_73_V_read |    scalar    |
|data_74_V_read  |  in |    6|   ap_none  | data_74_V_read |    scalar    |
|data_75_V_read  |  in |    6|   ap_none  | data_75_V_read |    scalar    |
|data_76_V_read  |  in |    6|   ap_none  | data_76_V_read |    scalar    |
|data_77_V_read  |  in |    6|   ap_none  | data_77_V_read |    scalar    |
|data_78_V_read  |  in |    6|   ap_none  | data_78_V_read |    scalar    |
|data_79_V_read  |  in |    6|   ap_none  | data_79_V_read |    scalar    |
|data_80_V_read  |  in |    6|   ap_none  | data_80_V_read |    scalar    |
|data_81_V_read  |  in |    6|   ap_none  | data_81_V_read |    scalar    |
|data_82_V_read  |  in |    6|   ap_none  | data_82_V_read |    scalar    |
|data_83_V_read  |  in |    6|   ap_none  | data_83_V_read |    scalar    |
|data_84_V_read  |  in |    6|   ap_none  | data_84_V_read |    scalar    |
|data_85_V_read  |  in |    6|   ap_none  | data_85_V_read |    scalar    |
|data_86_V_read  |  in |    6|   ap_none  | data_86_V_read |    scalar    |
|data_87_V_read  |  in |    6|   ap_none  | data_87_V_read |    scalar    |
|data_88_V_read  |  in |    6|   ap_none  | data_88_V_read |    scalar    |
|data_89_V_read  |  in |    6|   ap_none  | data_89_V_read |    scalar    |
|data_90_V_read  |  in |    6|   ap_none  | data_90_V_read |    scalar    |
|data_91_V_read  |  in |    6|   ap_none  | data_91_V_read |    scalar    |
|data_92_V_read  |  in |    6|   ap_none  | data_92_V_read |    scalar    |
|data_93_V_read  |  in |    6|   ap_none  | data_93_V_read |    scalar    |
|data_94_V_read  |  in |    6|   ap_none  | data_94_V_read |    scalar    |
|data_95_V_read  |  in |    6|   ap_none  | data_95_V_read |    scalar    |
|data_96_V_read  |  in |    6|   ap_none  | data_96_V_read |    scalar    |
|data_97_V_read  |  in |    6|   ap_none  | data_97_V_read |    scalar    |
|data_98_V_read  |  in |    6|   ap_none  | data_98_V_read |    scalar    |
|data_99_V_read  |  in |    6|   ap_none  | data_99_V_read |    scalar    |
+----------------+-----+-----+------------+----------------+--------------+

